// Jest Snapshot v1, https://goo.gl/fbAQLP

exports[`DashboardSettingDeleteButton should render successfully 1`] = `
<Fragment>
  <CustomizedIconButton
    ariaLabel="Delete"
    iconProps={
      Object {
        "iconName": "Delete",
      }
    }
    onClick={[Function]}
  />
</Fragment>
`;
